GHCi, version 7.10.3: http://www.haskell.org/ghc/  :? for help
ghci> :load "HW2.hs"
[1 of 1] Compiling Main             ( HW2.hs, interpreted )
Ok, modules loaded: Main.
ghci> taxOwed 50000 True
5000.0
ghci> taxOwed 120000 True
14000.0
ghci> taxOwed 50000 False
7500.0
ghci> taxOwed 120000 False
20000.0
ghci> taxOwed (-500) True
*** Exception: ERROR: Negative income.
ghci> inQuadrant(1,1)
UpperRight
ghci> inQuadrant(-1,1)
UpperLeft
ghci> inQuadrant(-1,-1)
LowerLeft
ghci> inQuadrant(1,-1)
LowerRight
ghci> inQuadrant(1,0)
OnAxis
ghci> inQuadrant(0,1)
OnAxis
ghci> altFact 5 3
60
ghci> altFact 4 5
-1
ghci> altFact 5 5
5
ghci> superExpo 2 3
16
ghci> superExpo 2 0
1
ghci> superExpo (-1) (5)
*** Exception: superExpo not defined for negative arguments
ghci> 